
=== trail  (0.37M params) ===
/usr/local/lib/python3.11/dist-packages/torch/utils/data/dataloader.py:759: UserWarning: 'pin_memory' argument is set as true but no accelerator is found, then device pinned memory won't be used.
  super().__init__(loader)
  ep0 step100 loss 1.7661 acc 0.3287 (13s)
[ep 0] val acc 0.4370 @ eps=0.1 (steps 3.78)  acc_full 0.4377
  ep1 step200 loss 1.4277 acc 0.4730 (28s)
  ep1 step300 loss 1.4354 acc 0.4798 (41s)
[ep 1] val acc 0.6073 @ eps=0.1 (steps 3.55)  acc_full 0.6103
  ep2 step400 loss 1.2008 acc 0.6274 (54s)
  ep2 step500 loss 1.1997 acc 0.6266 (67s)
[ep 2] val acc 0.6263 @ eps=0.1 (steps 3.11)  acc_full 0.6357
  ep3 step600 loss 1.0829 acc 0.6589 (81s)
  ep3 step700 loss 1.0702 acc 0.6574 (94s)
[ep 3] val acc 0.6373 @ eps=0.1 (steps 2.18)  acc_full 0.6820
  ep4 step800 loss 0.9268 acc 0.7075 (108s)
  ep4 step900 loss 0.9084 acc 0.7170 (120s)
[ep 4] val acc 0.6487 @ eps=0.1 (steps 2.00)  acc_full 0.7483
  ep5 step1000 loss 0.8390 acc 0.7469 (133s)
  ep5 step1100 loss 0.8166 acc 0.7594 (148s)
[ep 5] val acc 0.6660 @ eps=0.1 (steps 2.00)  acc_full 0.7733
  ep6 step1200 loss 0.7554 acc 0.7856 (162s)
  ep6 step1300 loss 0.7467 acc 0.7881 (174s)
[ep 6] val acc 0.6907 @ eps=0.1 (steps 2.00)  acc_full 0.7880
  ep7 step1400 loss 0.7112 acc 0.8014 (188s)
[ep 7] val acc 0.7167 @ eps=0.1 (steps 2.00)  acc_full 0.8037
  ep8 step1500 loss 0.7087 acc 0.7910 (202s)
  ep8 step1600 loss 0.6714 acc 0.8147 (215s)
